Status: 200
Response: {"choices":[{"finish_reason":"stop","index":0,"message":{"content":"Hello! How can I help you today?","reasoning_content":"The user said \"Hi\".\nThis is a standard greeting.\nMy response should be a polite greeting back, offering assistance.\nI should keep it brief and friendly.\nCommon responses: \"Hello! How can I help you today?\", \"Hi there! What can I do for you?\", \"Hello! How can I assist you?\".\nI will choose a standard, helpful greeting.","role":"assistant"}}],"created":1771820277,"id":"202602231217548d127ad601544ba2","model":"glm-5","object":"chat.completion","request_id":"202602231217548d127ad601544ba2","usage":{"completion_tokens":86,"prompt_tokens":6,"prompt_tokens_details":{"cached_tokens":0},"total_tokens":92}}
